node.exe : ΓÜá 
Warning: Next.js 
inferred your 
workspace root, but it 
may not be correct.
At line:1 char:1
+ & "C:\nvm4w\nodejs/no
de.exe" "C:\nvm4w\nodej
s/node_modules/npm/bin/
np ...
+ ~~~~~~~~~~~~~~~~~~~~~
~~~~~~~~~~~~~~~~~~~~~~~
~~~~~~~~~~~~~~~~~~~~~~~
~~
    + CategoryInfo     
         : NotSpecifi  
  ed: (ΓÜá Warning:    
 Ne...not be correc    
t.:String) [], Rem    
oteException
    + FullyQualifiedEr 
   rorId : NativeComm  
  andError
 
 We detected multiple 
lockfiles and selected 
the directory of D:\tou
chpointe\package-lock.j
son as the root 
directory.
 To silence this 
warning, set 
`turbopack.root` in 
your Next.js config, 
or consider removing 
one of the lockfiles 
if it's not needed.
   See https://nextjs.o
rg/docs/app/api-referen
ce/config/next-config-j
s/turbopack#root-direct
ory for more 
information.
 Detected additional 
lockfiles: 
   * D:\touchpointe\DJ_
Imperial\dj-imperial-su
ites\package-lock.json

Γû▓ Next.js 16.1.6 (Turbopack)

  Creating an optimized production build ...
Γ£ô Compiled successfully in 1563.8ms
  Running TypeScript ...
  Collecting page data using 11 workers ...
  Generating static pages using 11 workers (0/3) ...
Error occurred 
prerendering page "/". 
Read more: https://next
js.org/docs/messages/pr
erender-error
Error: Event handlers 
cannot be passed to 
Client Component props.
  {className: ..., 
onSubmit: function 
onSubmit, children: 
...}
                       
      ^^^^^^^^^^^^^^^^^
If you need 
interactivity, 
consider converting 
part of this to a 
Client Component.
    at stringify 
(<anonymous>) {
  digest: '1109991048'
}
Export encountered an 
error on /page: /, 
exiting the build.
Γ¿» Next.js build 
worker exited with 
code: 1 and signal: 
null
